npm warn exec The following package was not found and will be installed: asar@3.2.0
npm warn deprecated inflight@1.0.6: This module is not supported, and leaks memory. Do not use it. Check out lru-cache if you want a good and tested way to coalesce async requests by a key value, which is much more comprehensive and powerful.
npm warn deprecated glob@7.2.3: Old versions of glob are not supported, and contain widely publicized security vulnerabilities, which have been fixed in the current version. Please update. Support for old versions may be purchased (at exorbitant rates) by contacting i@izs.me
npm warn deprecated asar@3.2.0: Please use @electron/asar moving forward.  There is no API change, just a package name change

Mode   Name                                             
----   ----                                             
d----- dist                                             
d----- node_modules                                     
-a---- package.json                                     
d----- main                                             
d----- renderer                                         
d----- @ai-sdk                                          
d----- @apm-js-collab                                   
d----- @babel                                           
d----- @base-ui                                         
d----- @floating-ui                                     
d----- @fontsource-variable                             
d----- @jridgewell                                      
d----- @mixpanel                                        
d----- @opentelemetry                                   
d----- @parakeetai                                      
d----- @parakeetai-desktop                              
d----- @radix-ui                                        
d----- @sentry                                          
d----- @speechmatics                                    
d----- @standard-schema                                 
d----- @tanstack                                        
d----- @trpc                                            
d----- @types                                           
d----- @ungap                                           
d----- @vercel                                          
d----- @workflow                                        
d----- @xstate                                          
d----- acorn                                            
d----- acorn-import-attributes                          
d----- ai                                               
d----- argparse                                         
d----- aria-hidden                                      
d----- astring                                          
d----- bail                                             
d----- base64-arraybuffer                               
d----- builder-util-runtime                             
d----- ccount                                           
d----- character-entities                               
d----- character-entities-html4                         
d----- character-entities-legacy                        
d----- character-reference-invalid                      
d----- cjs-module-lexer                                 
d----- class-variance-authority                         
d----- clsx                                             
d----- cmdk                                             
d----- comma-separated-tokens                           
d----- commander                                        
d----- copy-anything                                    
d----- debug                                            
d----- decode-named-character-reference                 
d----- dequal                                           
d----- detect-node-es                                   
d----- devlop                                           
d----- electron-audio-loopback                          
d----- electron-debug                                   
d----- electron-is-accelerator                          
d----- electron-is-dev                                  
d----- electron-localshortcut                           
d----- electron-log                                     
d----- electron-settings                                
d----- electron-updater                                 
d----- entities                                         
d----- es-module-lexer                                  
d----- escape-string-regexp                             
d----- esquery                                          
d----- estraverse                                       
d----- estree-util-is-identifier-name                   
d----- eventsource-parser                               
d----- extend                                           
d----- fs-extra                                         
d----- get-nonce                                        
d----- graceful-fs                                      
d----- hast-util-from-dom                               
d----- hast-util-from-html                              
d----- hast-util-from-html-isomorphic                   
d----- hast-util-from-parse5                            
d----- hast-util-is-element                             
d----- hast-util-parse-selector                         
d----- hast-util-sanitize                               
d----- hast-util-to-jsx-runtime                         
d----- hast-util-to-text                                
d----- hast-util-whitespace                             
d----- hastscript                                       
d----- highlight.js                                     
d----- html-url-attributes                              
d----- import-in-the-middle                             
d----- imurmurhash                                      
d----- inline-style-parser                              
d----- input-otp                                        
d----- is-alphabetical                                  
d----- is-alphanumerical                                
d----- is-decimal                                       
d----- is-hexadecimal                                   
d----- is-plain-obj                                     
d----- is-typedarray                                    
d----- is-what                                          
d----- js-yaml                                          
d----- json-logic-js                                    
d----- json-schema                                      
d----- jsonfile                                         
d----- katex                                            
d----- keyboardevent-from-electron-accelerator          
d----- keyboardevents-areequal                          
d----- lazy-val                                         
d----- lodash                                           
d----- lodash.escaperegexp                              
d----- lodash.isequal                                   
d----- longest-streak                                   
d----- lucide-react                                     
d----- magic-string                                     
d----- markdown-table                                   
d----- mdast-util-find-and-replace                      
d----- mdast-util-from-markdown                         
d----- mdast-util-gfm                                   
d----- mdast-util-gfm-autolink-literal                  
d----- mdast-util-gfm-footnote                          
d----- mdast-util-gfm-strikethrough                     
d----- mdast-util-gfm-table                             
d----- mdast-util-gfm-task-list-item                    
d----- mdast-util-math                                  
d----- mdast-util-mdx-expression                        
d----- mdast-util-mdx-jsx                               
d----- mdast-util-mdxjs-esm                             
d----- mdast-util-phrasing                              
d----- mdast-util-to-hast                               
d----- mdast-util-to-markdown                           
d----- mdast-util-to-string                             
d----- meriyah                                          
d----- micromark                                        
d----- micromark-core-commonmark                        
d----- micromark-extension-gfm                          
d----- micromark-extension-gfm-autolink-literal         
d----- micromark-extension-gfm-footnote                 
d----- micromark-extension-gfm-strikethrough            
d----- micromark-extension-gfm-table                    
d----- micromark-extension-gfm-tagfilter                
d----- micromark-extension-gfm-task-list-item           
d----- micromark-extension-math                         
d----- micromark-factory-destination                    
d----- micromark-factory-label                          
d----- micromark-factory-space                          
d----- micromark-factory-title                          
d----- micromark-factory-whitespace                     
d----- micromark-util-character                         
d----- micromark-util-chunked                           
d----- micromark-util-classify-character                
d----- micromark-util-combine-extensions                
d----- micromark-util-decode-numeric-character-reference
d----- micromark-util-decode-string                     
d----- micromark-util-encode                            
d----- micromark-util-html-tag-name                     
d----- micromark-util-normalize-identifier              
d----- micromark-util-resolve-all                       
d----- micromark-util-sanitize-uri                      
d----- micromark-util-subtokenize                       
d----- micromark-util-symbol                            
d----- micromark-util-types                             
d----- mitt                                             
d----- mixpanel-browser                                 
d----- mkdirp                                           
d----- module-details-from-path                         
d----- ms                                               
d----- nanoid                                           
d----- parse-entities                                   
d----- parse5                                           
d----- picocolors                                       
d----- pkce-challenge                                   
d----- postcss                                          
d----- property-information                             
d----- react                                            
d----- react-dom                                        
d----- react-markdown                                   
d----- react-remove-scroll                              
d----- react-remove-scroll-bar                          
d----- react-style-singleton                            
d----- rehype-katex                                     
d----- rehype-sanitize                                  
d----- remark-gfm                                       
d----- remark-math                                      
d----- remark-parse                                     
d----- remark-rehype                                    
d----- remark-stringify                                 
d----- require-in-the-middle                            
d----- reselect                                         
d----- sax                                              
d----- scheduler                                        
d----- semifies                                         
d----- semver                                           
d----- signal-exit                                      
d----- sonner                                           
d----- source-map                                       
d----- source-map-js                                    
d----- space-separated-tokens                           
d----- stringify-entities                               
d----- style-to-js                                      
d----- style-to-object                                  
d----- superjson                                        
d----- swr                                              
d----- tailwind-merge                                   
d----- throttleit                                       
d----- tiny-typed-emitter                               
d----- trim-lines                                       
d----- trough                                           
d----- tslib                                            
d----- typedarray-to-buffer                             
d----- typescript-event-target                          
d----- unified                                          
d----- unist-util-find-after                            
d----- unist-util-is                                    
d----- unist-util-position                              
d----- unist-util-remove-position                       
d----- unist-util-stringify-position                    
d----- unist-util-visit                                 
d----- unist-util-visit-parents                         
d----- universalify                                     
d----- use-callback-ref                                 
d----- use-sidecar                                      
d----- use-stick-to-bottom                              
d----- use-sync-external-store                          
d----- uuid                                             
d----- vfile                                            
d----- vfile-location                                   
d----- vfile-message                                    
d----- web-namespaces                                   
d----- write-file-atomic                                
d----- ws                                               
d----- zod                                              
d----- zwitch                                           


