Found in: C:\Users\Arthur Henrique\AppData\Local\Programs\parakeetai-desktop\dxcompiler.dll
Found in: C:\Users\Arthur Henrique\AppData\Local\Programs\parakeetai-desktop\main.js
Found in: C:\Users\Arthur Henrique\AppData\Local\Programs\parakeetai-desktop\renderer.js
Found in: C:\Users\Arthur Henrique\AppData\Local\Programs\parakeetai-desktop\?.exe
Found in: C:\Users\Arthur Henrique\AppData\Local\Programs\parakeetai-desktop\resources\app.asar
Found in: C:\Users\Arthur Henrique\AppData\Local\Programs\parakeetai-desktop\resources\app_extracted\dist\main\main.js
Found in: C:\Users\Arthur Henrique\AppData\Local\Programs\parakeetai-desktop\resources\app_extracted\dist\renderer\index.html
Found in: C:\Users\Arthur Henrique\AppData\Local\Programs\parakeetai-desktop\resources\app_extracted\dist\renderer\renderer.js
Found in: C:\Users\Arthur Henrique\AppData\Local\Programs\parakeetai-desktop\resources\app_extracted\node_modules\@sentry\core\build\cjs\index.js
Found in: C:\Users\Arthur Henrique\AppData\Local\Programs\parakeetai-desktop\resources\app_extracted\node_modules\@sentry\core\build\cjs\server.js
Found in: C:\Users\Arthur Henrique\AppData\Local\Programs\parakeetai-desktop\resources\app_extracted\node_modules\@sentry\core\build\cjs\integrations\http\client-patch.js
Found in: C:\Users\Arthur Henrique\AppData\Local\Programs\parakeetai-desktop\resources\app_extracted\node_modules\@sentry\core\build\cjs\integrations\http\client-patch.js.map
Found in: C:\Users\Arthur Henrique\AppData\Local\Programs\parakeetai-desktop\resources\app_extracted\node_modules\@sentry\core\build\cjs\integrations\http\double-wrap-warning.js.map
Found in: C:\Users\Arthur Henrique\AppData\Local\Programs\parakeetai-desktop\resources\app_extracted\node_modules\@sentry\core\build\esm\index.js
Found in: C:\Users\Arthur Henrique\AppData\Local\Programs\parakeetai-desktop\resources\app_extracted\node_modules\@sentry\core\build\esm\server.js
Found in: C:\Users\Arthur Henrique\AppData\Local\Programs\parakeetai-desktop\resources\app_extracted\node_modules\@sentry\core\build\esm\integrations\http\client-patch.js
Found in: C:\Users\Arthur Henrique\AppData\Local\Programs\parakeetai-desktop\resources\app_extracted\node_modules\@sentry\core\build\esm\integrations\http\client-patch.js.map
Found in: C:\Users\Arthur Henrique\AppData\Local\Programs\parakeetai-desktop\resources\app_extracted\node_modules\@sentry\core\build\esm\integrations\http\double-wrap-warning.js.map
Found in: C:\Users\Arthur Henrique\AppData\Local\Programs\parakeetai-desktop\resources\app_extracted\node_modules\@sentry\electron\esm\main\integrations\sentry-minidump\minidump-parser.js
Found in: C:\Users\Arthur Henrique\AppData\Local\Programs\parakeetai-desktop\resources\app_extracted\node_modules\@sentry\electron\main\integrations\sentry-minidump\minidump-parser.js
Found in: C:\Users\Arthur Henrique\AppData\Local\Programs\parakeetai-desktop\resources\app_extracted\node_modules\@sentry\node-core\build\cjs\integrations\http\SentryHttpInstrumentation.js
Found in: C:\Users\Arthur Henrique\AppData\Local\Programs\parakeetai-desktop\resources\app_extracted\node_modules\@sentry\node-core\build\cjs\integrations\http\SentryHttpInstrumentation.js.map
Found in: C:\Users\Arthur Henrique\AppData\Local\Programs\parakeetai-desktop\resources\app_extracted\node_modules\@sentry\node-core\build\cjs\transports\http.js
Found in: C:\Users\Arthur Henrique\AppData\Local\Programs\parakeetai-desktop\resources\app_extracted\node_modules\@sentry\node-core\build\cjs\transports\http.js.map
Found in: C:\Users\Arthur Henrique\AppData\Local\Programs\parakeetai-desktop\resources\app_extracted\node_modules\@sentry\node-core\build\esm\integrations\anr\worker-script.js
Found in: C:\Users\Arthur Henrique\AppData\Local\Programs\parakeetai-desktop\resources\app_extracted\node_modules\@sentry\node-core\build\esm\integrations\http\SentryHttpInstrumentation.js
Found in: C:\Users\Arthur Henrique\AppData\Local\Programs\parakeetai-desktop\resources\app_extracted\node_modules\@sentry\node-core\build\esm\integrations\http\SentryHttpInstrumentation.js.map
Found in: C:\Users\Arthur Henrique\AppData\Local\Programs\parakeetai-desktop\resources\app_extracted\node_modules\@sentry\node-core\build\esm\transports\http.js
Found in: C:\Users\Arthur Henrique\AppData\Local\Programs\parakeetai-desktop\resources\app_extracted\node_modules\@sentry\node-core\build\esm\transports\http.js.map
