
list.txt:22926:\dist
list.txt:22927:\dist\main
list.txt:22928:\dist\main\main.js
list.txt:22929:\dist\main\mic-monitor-worker.js
list.txt:22930:\dist\main\preload.js
list.txt:22931:\dist\main\57a5b0b1ec63cb09d6fced238b15087a.node
list.txt:22932:\dist\main\95f13ef4f7862f0d53ed45ed8515bf53.node
list.txt:22933:\dist\main\99e6e37e8bb5bd1cb6f19a15dbae1da0.node
list.txt:22934:\dist\main\ab68f793108ef8080a336413597a7302.node
list.txt:22935:\dist\renderer
list.txt:22936:\dist\renderer\0108e89c9003e8c14ea3.woff
list.txt:22937:\dist\renderer\015250f2641dc7e3a067.woff2
list.txt:22938:\dist\renderer\02271ec5cb9f5b4588ac.woff
list.txt:22939:\dist\renderer\073b3402d036714b4370.woff
list.txt:22940:\dist\renderer\0c3b8929d377c0e9b2f3.woff
list.txt:22941:\dist\renderer\0edf9357ea6d68a64ad5.woff2
list.txt:22942:\dist\renderer\133c021c3308f3e77448.woff2
list.txt:22943:\dist\renderer\172d3529b26f8cedef6b.woff2
list.txt:22944:\dist\renderer\20f389c4120be058d80a.woff2
list.txt:22945:\dist\renderer\2960900c4f271311eb36.woff2
list.txt:22946:\dist\renderer\2f7bc363fc5424ebda59.ttf
list.txt:22947:\dist\renderer\354501bac435c3264834.woff
list.txt:22948:\dist\renderer\39890742bc957b368704.woff2
list.txt:22949:\dist\renderer\3a99e70aee4076660d38.woff
list.txt:22950:\dist\renderer\3f07ed67f06c720120ce.woff
list.txt:22951:\dist\renderer\428978dc7837d46de091.woff
list.txt:22952:\dist\renderer\4514f46beced586e48a6.png
list.txt:22953:\dist\renderer\4ad7c7e8bb8d10a34bb7.ttf
list.txt:22954:\dist\renderer\4c6b94fd1d07f8beff7c.woff
list.txt:22955:\dist\renderer\4c761b3711973ab04edf.ttf
list.txt:22956:\dist\renderer\4eec29db6874e4386a87.png
list.txt:22957:\dist\renderer\4f35fbcc9ee8614c2bcc.woff
list.txt:22958:\dist\renderer\57f5c1837853986ea1db.ttf
list.txt:22959:\dist\renderer\5aa719cc68b72e69b6f3.png
list.txt:22960:\dist\renderer\5b49f4993ae22d7975b4.ttf
list.txt:22961:\dist\renderer\5d64fa80fbdc0b3b33c8.woff2
list.txt:22962:\dist\renderer\6d3d25f4820d0da8f01f.woff2
list.txt:22963:\dist\renderer\6de7d4b539221a49e9e2.ttf
list.txt:22964:\dist\renderer\6eec866c69313624be60.woff2
list.txt:22965:\dist\renderer\6fdf0ac577be0ba82a4c.woff
list.txt:22966:\dist\renderer\73ea273a72f4aca30ca5.woff2
list.txt:22967:\dist\renderer\7489a2fbfb9bfe704420.ttf
list.txt:22968:\dist\renderer\7947224e8a9914fa332b.woff
list.txt:22969:\dist\renderer\7d393d382f3e7fb1c637.woff2
list.txt:22970:\dist\renderer\7e873d3833eb108a0758.ttf
list.txt:22971:\dist\renderer\7f99cbeaffcb0b9876af.woff2
list.txt:22972:\dist\renderer\8169508bf58f8bd92ad8.ttf
list.txt:22973:\dist\renderer\828abcb200061cffbaae.ttf
list.txt:22974:\dist\renderer\853be92419a6c3766b9a.ttf
list.txt:22975:\dist\renderer\8a5f936332e8028c7278.ttf
list.txt:22976:\dist\renderer\8d593cfaa96238d5e2f8.woff
list.txt:22977:\dist\renderer\8d6b6822586eea3d3b20.ttf
list.txt:22978:\dist\renderer\931d67ea207ab37ee693.woff2
list.txt:22979:\dist\renderer\95591a929f0d32aa282a.woff2
list.txt:22980:\dist\renderer\96759856b4e70f3a8338.woff
list.txt:22981:\dist\renderer\9c79e59fbe16d6453d55.png
list.txt:22982:\dist\renderer\9eba1d77abcf2aa6e94e.ttf
list.txt:22983:\dist\renderer\a1abf90dfd72792a577a.woff2
list.txt:22984:\dist\renderer\aa4715bd68898e87cb6f.png
list.txt:22985:\dist\renderer\aeffd8025cba3647f1a6.woff
list.txt:22986:\dist\renderer\b257a18c016f37ee4543.ttf
list.txt:22987:\dist\renderer\b7371c65a75793bbdda0.woff2
list.txt:22988:\dist\renderer\b9cd458ac6d5889ff9c3.woff
list.txt:22989:\dist\renderer\bf2d440b3a42ea78a998.ttf
list.txt:22990:\dist\renderer\c295e7f71970f03c0549.woff2
list.txt:22991:\dist\renderer\c5c02d763c89380dcb4e.ttf
list.txt:22992:\dist\renderer\c81d1b2a4b75d3eded60.woff2
list.txt:22993:\dist\renderer\cd5e231e0cc53b2cb2c0.woff2
list.txt:22994:\dist\renderer\d562e886c52f12660a41.woff
list.txt:22995:\dist\renderer\d6484fce1ef428d5bd94.woff2
list.txt:22996:\dist\renderer\d757c535a2e5902f1325.woff
list.txt:22997:\dist\renderer\db074fa22cf224af93d7.woff
list.txt:22998:\dist\renderer\dcbcbd93bac0470b462d.woff2
list.txt:22999:\dist\renderer\e18f0686d95ad39ba098.png
list.txt:23000:\dist\renderer\e1951519f6f0596f7356.woff2
list.txt:23001:\dist\renderer\e418bf257af1052628d8.woff2
list.txt:23002:\dist\renderer\e48775f22a2507f0f7ba.jpg
list.txt:23003:\dist\renderer\e4dd796d16bcc331db6d.woff2
list.txt:23004:\dist\renderer\ed305b5434865e06ffde.ttf
list.txt:23005:\dist\renderer\f650f111a3b890d116f1.woff2
list.txt:23006:\dist\renderer\fa0d2300a10bd91261a6.png
list.txt:23007:\dist\renderer\fa675e5e4bec9eb250b6.ttf
list.txt:23008:\dist\renderer\fc1016fc43e860d11070.png
list.txt:23009:\dist\renderer\fc9ba5249878cd8f8d88.ttf
list.txt:23010:\dist\renderer\fd947498bc16392e76c2.woff
list.txt:23011:\dist\renderer\fe2176f79edaa716e621.woff2
list.txt:23012:\dist\renderer\index.html
list.txt:23013:\dist\renderer\pcm-framer.worklet.js
list.txt:23014:\dist\renderer\renderer.js
list.txt:23015:\dist\renderer\style.css


